Last login: Sat Mar 22 14:28:16 on console
jojo@Jumanahs-MacBook-Air ~ % git config --global user.name "Jumana"
jojo@Jumanahs-MacBook-Air ~ % git config --global user.email jmoussa@aucegypt.edu
jojo@Jumanahs-MacBook-Air ~ % git config --list
credential.helper=osxkeychain
init.defaultbranch=main
user.name=Jumana
user.email=jmoussa@aucegypt.edu
jojo@Jumanahs-MacBook-Air ~ % mkdir CS2-Calculator-Jumana
jojo@Jumanahs-MacBook-Air ~ % cd CS2-Calculator-Jumana
jojo@Jumanahs-MacBook-Air CS2-Calculator-Jumana % git init
Initialized empty Git repository in /Users/jojo/CS2-Calculator-Jumana/.git/
jojo@Jumanahs-MacBook-Air CS2-Calculator-Jumana % git config --global user.name "Jumana"
jojo@Jumanahs-MacBook-Air CS2-Calculator-Jumana % git config --global user.email jmoussa@aucegypt.edu
jojo@Jumanahs-MacBook-Air CS2-Calculator-Jumana % git config --list
credential.helper=osxkeychain
init.defaultbranch=main
user.name=Jumana
user.email=jmoussa@aucegypt.edu
core.repositoryformatversion=0
core.filemode=true
core.bare=false
core.logallrefupdates=true
core.ignorecase=true
core.precomposeunicode=true
jojo@Jumanahs-MacBook-Air CS2-Calculator-Jumana % echo "This is the calulor">>README.md
jojo@Jumanahs-MacBook-Air CS2-Calculator-Jumana % git add README.md
jojo@Jumanahs-MacBook-Air CS2-Calculator-Jumana % git commit -m "Initial commit with README.md"
[main (root-commit) fd73db9] Initial commit with README.md
 1 file changed, 1 insertion(+)
 create mode 100644 README.md
jojo@Jumanahs-MacBook-Air CS2-Calculator-Jumana % git clone <https://github.com/Jmoussa900/CS2-Calculator-Jumana.git>
zsh: parse error near `\n'
jojo@Jumanahs-MacBook-Air CS2-Calculator-Jumana % git remote add origin <https://github.com/Jmoussa900/CS2-Calculator-Jumana.git>
zsh: parse error near `\n'
jojo@Jumanahs-MacBook-Air CS2-Calculator-Jumana % git remote -v
jojo@Jumanahs-MacBook-Air CS2-Calculator-Jumana % git push -u origin main
fatal: 'origin' does not appear to be a git repository
fatal: Could not read from remote repository.

Please make sure you have the correct access rights
and the repository exists.
jojo@Jumanahs-MacBook-Air CS2-Calculator-Jumana % git pull origin main
fatal: 'origin' does not appear to be a git repository
fatal: Could not read from remote repository.

Please make sure you have the correct access rights
and the repository exists.
jojo@Jumanahs-MacBook-Air CS2-Calculator-Jumana % git push -u main
fatal: The current branch main has no upstream branch.
To push the current branch and set the remote as upstream, use

    git push --set-upstream main main

To have this happen automatically for branches without a tracking
upstream, see 'push.autoSetupRemote' in 'git help config'.

jojo@Jumanahs-MacBook-Air CS2-Calculator-Jumana %     git push --set-upstream main main

fatal: 'main' does not appear to be a git repository
fatal: Could not read from remote repository.

Please make sure you have the correct access rights
and the repository exists.
jojo@Jumanahs-MacBook-Air CS2-Calculator-Jumana % git remote add origin https://github.com/Jmoussa900/CS2-Calculator-Jumana.git
jojo@Jumanahs-MacBook-Air CS2-Calculator-Jumana % git branch -M origin 
jojo@Jumanahs-MacBook-Air CS2-Calculator-Jumana % git push -u origin main
error: src refspec main does not match any
error: failed to push some refs to 'https://github.com/Jmoussa900/CS2-Calculator-Jumana.git'
jojo@Jumanahs-MacBook-Air CS2-Calculator-Jumana % git pull origin main
remote: Enumerating objects: 3, done.
remote: Counting objects: 100% (3/3), done.
remote: Total 3 (delta 0), reused 0 (delta 0), pack-reused 0 (from 0)
Unpacking objects: 100% (3/3), 867 bytes | 289.00 KiB/s, done.
From https://github.com/Jmoussa900/CS2-Calculator-Jumana
 * branch            main       -> FETCH_HEAD
 * [new branch]      main       -> origin/main
hint: You have divergent branches and need to specify how to reconcile them.
hint: You can do so by running one of the following commands sometime before
hint: your next pull:
hint: 
hint:   git config pull.rebase false  # merge
hint:   git config pull.rebase true   # rebase
hint:   git config pull.ff only       # fast-forward only
hint: 
hint: You can replace "git config" with "git config --global" to set a default
hint: preference for all repositories. You can also pass --rebase, --no-rebase,
hint: or --ff-only on the command line to override the configured default per
hint: invocation.
fatal: Need to specify how to reconcile divergent branches.
jojo@Jumanahs-MacBook-Air CS2-Calculator-Jumana % git push origin main
error: src refspec main does not match any
error: failed to push some refs to 'https://github.com/Jmoussa900/CS2-Calculator-Jumana.git'
jojo@Jumanahs-MacBook-Air CS2-Calculator-Jumana % git fetch origin
jojo@Jumanahs-MacBook-Air CS2-Calculator-Jumana % git merge origin/main
fatal: refusing to merge unrelated histories
jojo@Jumanahs-MacBook-Air CS2-Calculator-Jumana % git fetch origin
jojo@Jumanahs-MacBook-Air CS2-Calculator-Jumana % git rebase origin/main
Auto-merging README.md
CONFLICT (add/add): Merge conflict in README.md
error: could not apply fd73db9... Initial commit with README.md
hint: Resolve all conflicts manually, mark them as resolved with
hint: "git add/rm <conflicted_files>", then run "git rebase --continue".
hint: You can instead skip this commit: run "git rebase --skip".
hint: To abort and get back to the state before "git rebase", run "git rebase --abort".
Could not apply fd73db9... Initial commit with README.md
jojo@Jumanahs-MacBook-Air CS2-Calculator-Jumana % git branch
* (no branch, rebasing origin)
  origin
jojo@Jumanahs-MacBook-Air CS2-Calculator-Jumana % git checkout -b main
Switched to a new branch 'main'
jojo@Jumanahs-MacBook-Air CS2-Calculator-Jumana % git add README.md
jojo@Jumanahs-MacBook-Air CS2-Calculator-Jumana % git commit -m "Initial commit"
[main a8f450f] Initial commit
 1 file changed, 5 insertions(+), 1 deletion(-)
jojo@Jumanahs-MacBook-Air CS2-Calculator-Jumana % git push origin main
Enumerating objects: 5, done.
Counting objects: 100% (5/5), done.
Delta compression using up to 8 threads
Compressing objects: 100% (2/2), done.
Writing objects: 100% (3/3), 342 bytes | 342.00 KiB/s, done.
Total 3 (delta 0), reused 0 (delta 0), pack-reused 0
To https://github.com/Jmoussa900/CS2-Calculator-Jumana.git
   1aaaf23..a8f450f  main -> main
jojo@Jumanahs-MacBook-Air CS2-Calculator-Jumana % cmake_required_minimum(VERSION 3.10)
zsh: unknown file attribute: V
jojo@Jumanahs-MacBook-Air CS2-Calculator-Jumana % pwd
/Users/jojo/CS2-Calculator-Jumana
jojo@Jumanahs-MacBook-Air CS2-Calculator-Jumana % pwd
/Users/jojo/CS2-Calculator-Jumana
jojo@Jumanahs-MacBook-Air CS2-Calculator-Jumana % ls
Calculator Project	README.md
jojo@Jumanahs-MacBook-Air CS2-Calculator-Jumana % pwd
/Users/jojo/CS2-Calculator-Jumana
jojo@Jumanahs-MacBook-Air CS2-Calculator-Jumana % cd Desktop
cd: no such file or directory: Desktop
jojo@Jumanahs-MacBook-Air CS2-Calculator-Jumana % cd desktop
cd: no such file or directory: desktop
jojo@Jumanahs-MacBook-Air CS2-Calculator-Jumana % cd Desktop
cd: no such file or directory: Desktop
jojo@Jumanahs-MacBook-Air CS2-Calculator-Jumana % pwd
/Users/jojo/CS2-Calculator-Jumana
jojo@Jumanahs-MacBook-Air CS2-Calculator-Jumana % cd /Users/jojo/Desktop/CS2-Calculator-Jumana 
jojo@Jumanahs-MacBook-Air CS2-Calculator-Jumana % pwd
/Users/jojo/Desktop/CS2-Calculator-Jumana
jojo@Jumanahs-MacBook-Air CS2-Calculator-Jumana % gedit CMakeLists.txt
zsh: command not found: gedit
jojo@Jumanahs-MacBook-Air CS2-Calculator-Jumana % nano CMakeLists.txt

  UW PICO 5.09                                                                                  File: CMakeLists.txt                                                                                  Modified  

cmake_minimum_required(VERSION 3.10)
project(CS2_assignment)
set (SOURCE_FILES 
Calculator.cpp
main.cpp)

add_executable(final ${SOURCE_FILES}) 




















































^G Get Help                       ^O WriteOut                       ^R Read File                      ^Y Prev Pg                        ^K Cut Text                       ^C Cur Pos                        
^X Exit                           ^J Justify                        ^W Where is                       ^V Next Pg                        ^U UnCut Text                     ^T To Spell                       
